# german mainstream
https://www.youtube.com/user/ARD
https://www.youtube.com/c/ZDF
https://www.youtube.com/c/ZDFheute
https://www.youtube.com/c/NDRDoku
https://www.youtube.com/c/NDRRatgeber
https://www.youtube.com/c/WDRDoku
https://www.youtube.com/c/wdr
https://www.youtube.com/c/bayerischerrundfunk
https://www.youtube.com/user/rbb
https://www.youtube.com/c/mdr
https://www.youtube.com/c/MDRDOK
https://www.youtube.com/c/MDRInvestigativ
https://www.youtube.com/c/dwdeutsch
https://www.youtube.com/c/dwnews
https://www.youtube.com/c/DeutscheBahnKonzern
https://www.youtube.com/c/WELTVideoTV
https://www.youtube.com/user/N24de
https://www.youtube.com/c/ntvNachrichten
https://www.youtube.com/c/FunkOfficial
https://www.youtube.com/user/phoenix
https://www.youtube.com/user/faz
https://www.youtube.com/user/sueddeutsche
https://www.youtube.com/c/RTLcom

# usa
https://www.youtube.com/user/CNN
https://www.youtube.com/user/ABCNetwork


# misc
https://www.youtube.com/channel/UCKGMHVipEvuZudhHD05FOYA #Simplicissimus


